
 Tests of the CS Decomposition routines
 Tests of the Multiple precision version of LAPACK MPLAPACK VERSION 2.0.0
 Based on original LAPACK VERSION 3.9.1

The following parameter values will be used:
    M:         0     1    10    10    10    10    21    24    30    22
              32    55
    P:         0     1     4     4     0    10     9    10    20    12
              12    40
    N:         0     1     0    10     4     4    15    12     8    20
               8    20
 
 Relative machine underflow is taken to be+9.5302596195518043e-323228497
 Relative machine overflow  is taken to be+2.0985787164673877e+323228496
 Relative machine precision is taken to be+7.4583407312002067e-155

 Routines pass computational tests if test ratio is less than+3.0000000000000000e+01

 CSD routines passed the tests of the error exits (  8 tests done)
 m: 10, p: 4, q: 10
norm_orig = 0.000000
norm_result = 0.000000
theta=[ ]
theta_d=[ ]
norm_theta = 0.000000
 m: 10, p: 4, q: 10
norm_orig = 0.000000
norm_result = 0.000000
theta=[ ]
theta_d=[ ]
norm_theta = 0.000000
 m: 10, p: 4, q: 10
norm_orig = 0.000000
norm_result = 0.000000
theta=[ ]
theta_d=[ ]
norm_theta = 0.000000
 m: 10, p: 4, q: 10
norm_orig = 0.000000
norm_result = 0.000000
theta=[ ]
theta_d=[ ]
norm_theta = 0.000000
 m: 21, p: 9, q: 15
norm_orig = 0.000000
norm_result = 0.000000
theta=[ +2.4717692096232234e-01, +3.5067956793893602e-01, +6.3201594278363525e-01, +7.3878301896186230e-01, +9.2810879934704851e-01, +1.1548933712404502e+00]
theta_d=[ +2.4717692096232227e-01, +3.5067956793893623e-01, +6.3201594278363527e-01, +7.3878301896186227e-01, +9.2810879934704860e-01, +1.1548933712404501e+00]
norm_theta = 0.000000
 m: 21, p: 9, q: 15
norm_orig = 0.000000
norm_result = 0.000000
theta=[ +1.1475681383985407e-01, +1.2564400547771078e-01, +3.1763470163358658e-01, +6.0094167974196696e-01, +9.3094316971258263e-01, +9.6493522116772747e-01]
theta_d=[ +1.1475681383985402e-01, +1.2564400547771090e-01, +3.1763470163358626e-01, +6.0094167974196677e-01, +9.3094316971258240e-01, +9.6493522116772712e-01]
norm_theta = 0.000000
 m: 21, p: 9, q: 15
norm_orig = 0.000000
norm_result = 1.824334
theta=[ +2.1053206786592570e-15, +7.4360396992771187e-01, +7.4553428319033240e-01, +1.5695946275165415e+00, +1.5705249938962643e+00, +1.5707963267948954e+00]
theta_d=[ +0.0000000000000000e+00, +7.4360396992771216e-01, +7.4553428319033233e-01, +1.5695946275165416e+00, +1.5705249938962644e+00, +1.5707963267948966e+00]
norm_theta = 0.000000
 m: 21, p: 9, q: 15
norm_orig = 0.000000
norm_result = 0.000000
theta=[ +0.0000000000000000e+00, +0.0000000000000000e+00, +0.0000000000000000e+00, +1.5707963267948966e+00, +1.5707963267948966e+00, +1.5707963267948966e+00]
theta_d=[ +0.0000000000000000e+00, +0.0000000000000000e+00, +0.0000000000000000e+00, +1.5707963267948966e+00, +1.5707963267948966e+00, +1.5707963267948966e+00]
norm_theta = 0.000000
 *** XERBLA was called from Cuncsd with INFO =     28 instead of 26 ***
 *** XERBLA was called with SRNAME = Cbbcsd instead of Cuncsd ***
 m: 24, p: 10, q: 12
norm_orig = 0.000000
norm_result = 0.000000
theta=[ +9.8562700842193118e-01, +7.5728887506056918e-01, +7.6061307795680867e-01, +9.3588969600004894e-01, +8.2567016263292330e-01, +9.4382716412194668e-01, +5.9917928255641082e-01, +7.2576228368870004e-01, +6.9986569192922384e-01, +9.2634547717993329e-01]
theta_d=[ +2.1640971682798815e-01, +3.1776862088058333e-01, +4.2315188448511487e-01, +5.9821042169315419e-01, +7.9428613400231785e-01, +9.0599197653808217e-01, +1.0029377226351652e+00, +1.1463059073013708e+00, +1.2228829655866509e+00, +1.4246337451465751e+00]
norm_theta = 3.798705

 CSD: CS Decomposition
 Matrix types: 
    1: Random orthogonal matrix (Haar measure)
    2: Nearly orthogonal matrix with uniformly distributed angles atan2( S, C ) in CS decomposition
    3: Random orthogonal matrix with clustered angles atan2( S, C ) in CS decomposition
 Test ratios: 
   2-by-2 CSD
    1: norm( U1' * X11 * V1 - C ) / ( max(  P,  Q) * max(norm(I-X'*X),EPS) )
    2: norm( U1' * X12 * V2-(-S)) / ( max(  P,M-Q) * max(norm(I-X'*X),EPS) )
    3: norm( U2' * X21 * V1 - S ) / ( max(M-P,  Q) * max(norm(I-X'*X),EPS) )
    4: norm( U2' * X22 * V2 - C ) / ( max(M-P,M-Q) * max(norm(I-X'*X),EPS) )
    5: norm( I - U1'*U1 ) / (   P   * EPS )
    6: norm( I - U2'*U2 ) / ( (M-P) * EPS )
    7: norm( I - V1'*V1 ) / (   Q   * EPS )
    8: norm( I - V2'*V2 ) / ( (M-Q) * EPS )
    9: principal angle ordering ( 0 or ULP )
   2-by-1 CSD
   10: norm( U1' * X11 * V1 - C ) / ( max(  P,  Q) * max(norm(I-X'*X),EPS) )
   11: norm( U2' * X21 * V1 - S ) / ( max(  M-P,Q) * max(norm(I-X'*X),EPS) )
   12: norm( I - U1'*U1 ) / (   P   * EPS )
   13: norm( I - U2'*U2 ) / ( (M-P) * EPS )
   14: norm( I - V1'*V1 ) / (   Q   * EPS )
   15: principal angle ordering ( 0 or ULP )
 M=  24 P=  10, Q=  12, type  1, test 10, ratio=+3.7778370365497246e+152
 M=  24 P=  10, Q=  12, type  1, test 11, ratio=+3.1123732687299046e+152
 M=  24 P=  10, Q=  12, type  1, test 15, ratio=+6.7039039649712985e+153
 *** XERBLA was called from Cuncsd with INFO =     28 instead of 26 ***
 *** XERBLA was called with SRNAME = Cbbcsd instead of Cuncsd ***
 m: 24, p: 10, q: 12
norm_orig = 0.000000
norm_result = 0.000000
theta=[ +7.0552361937596323e-01, +5.5304703818608721e-01, +4.1471323650143852e-01, +7.9218577932373726e-01, +4.2722715124497842e-01, +4.1748423695879947e-01, +5.1048894003107340e-01, +8.7900730573179188e-02, +8.5128341850830744e-02, +1.3258022530741047e-01]
theta_d=[ +1.0560101805644519e-02, +1.3750703846018925e-01, +1.4813112066701592e-01, +2.2007143829406031e-01, +2.7488281032445833e-01, +6.0451899916428598e-01, +6.6926328668902391e-01, +8.8682487945850808e-01, +9.7622906710816149e-01, +1.0972554346422678e+00]
norm_theta = 5.102054
 M=  24 P=  10, Q=  12, type  2, test 10, ratio=+1.1667621090265674e+11
 M=  24 P=  10, Q=  12, type  2, test 11, ratio=+1.3413026717544112e+11
 M=  24 P=  10, Q=  12, type  2, test 15, ratio=+6.7039039649712985e+153
 *** XERBLA was called from Cuncsd with INFO =     28 instead of 26 ***
 *** XERBLA was called with SRNAME = Cbbcsd instead of Cuncsd ***
 m: 24, p: 10, q: 12
norm_orig = 0.000000
norm_result = 6.107065
theta=[ +1.3537497296037040e+00, +2.1071605844625557e-03, +2.8391782349752624e-04, +6.0062196820249051e-02, +1.5707602640785289e+00, +1.5707928210352535e+00, +1.5706008219576176e+00, +1.5707955450999775e+00, +1.5707963266802492e+00, +1.5707963267947213e+00]
theta_d=[ +0.0000000000000000e+00, +1.5685194349329625e+00, +1.5696690118512748e+00, +1.5705302108796839e+00, +1.5705616262776598e+00, +1.5705627690589801e+00, +1.5705627697636868e+00, +1.5707958701188258e+00, +1.5707963267947116e+00, +1.5707963267947256e+00]
norm_theta = 6.000482
 M=  24 P=  10, Q=  12, type  3, test 10, ratio=+5.5845964502630484e+152
 M=  24 P=  10, Q=  12, type  3, test 11, ratio=+4.7985575347505107e+152
 M=  24 P=  10, Q=  12, type  3, test 15, ratio=+6.7039039649712985e+153
 *** XERBLA was called from Cuncsd with INFO =     28 instead of 26 ***
 *** XERBLA was called with SRNAME = Cbbcsd instead of Cuncsd ***
 m: 24, p: 10, q: 12
norm_orig = 0.000000
norm_result = 0.000000
theta=[ +1.5707963267948966e+00, +1.5707963267948966e+00, +1.5707963267948966e+00, +0.0000000000000000e+00, +1.5707963267948966e+00, +0.0000000000000000e+00, +1.5707963267948966e+00, +1.5707963267948966e+00, +1.5707963267948966e+00, +1.5707963267948966e+00]
theta_d=[ +0.0000000000000000e+00, +0.0000000000000000e+00, +0.0000000000000000e+00, +1.5707963267948966e+00, +1.5707963267948966e+00, +1.5707963267948966e+00, +1.5707963267948966e+00, +1.5707963267948966e+00, +1.5707963267948966e+00, +1.5707963267948966e+00]
norm_theta = 7.853982
 M=  24 P=  10, Q=  12, type  4, test 10, ratio=+5.5865866374760821e+152
 M=  24 P=  10, Q=  12, type  4, test 11, ratio=+4.7885028321223561e+152
 M=  24 P=  10, Q=  12, type  4, test 15, ratio=+6.7039039649712985e+153
 m: 30, p: 20, q: 8
norm_orig = 0.000000
norm_result = 0.000000
theta=[ +1.9415447880756257e-01, +2.7995869215590071e-01, +4.3241337612031177e-01, +4.7000547518349857e-01, +5.7619797232727503e-01, +7.9544994366565506e-01, +8.8860250198959754e-01, +9.8449579174619533e-01]
theta_d=[ +1.9415447880756259e-01, +2.7995869215590080e-01, +4.3241337612031172e-01, +4.7000547518349872e-01, +5.7619797232727510e-01, +7.9544994366565469e-01, +8.8860250198959756e-01, +9.8449579174619517e-01]
norm_theta = 0.000000
 m: 30, p: 20, q: 8
norm_orig = 0.000000
norm_result = 0.000000
theta=[ +3.6195702637922869e-01, +3.7838279974048698e-01, +7.1065334839679005e-01, +8.4117306581404629e-01, +8.9993825329088692e-01, +1.1776652289264080e+00, +1.2401234549563025e+00, +1.4858525652889217e+00]
theta_d=[ +3.6195702637922866e-01, +3.7838279974048650e-01, +7.1065334839678995e-01, +8.4117306581404583e-01, +8.9993825329088695e-01, +1.1776652289264080e+00, +1.2401234549563025e+00, +1.4858525652889216e+00]
norm_theta = 0.000000
 m: 30, p: 20, q: 8
norm_orig = 0.000000
norm_result = 0.013439
theta=[ +1.5566272776129273e+00, +1.5644155301848961e+00, +1.5644155301849042e+00, +1.5644155303865748e+00, +1.5644838676894567e+00, +1.5644838676896288e+00, +1.5644838676896312e+00, +1.5644838676896320e+00]
theta_d=[ +1.5566272776129275e+00, +1.5644155301848992e+00, +1.5644155301849010e+00, +1.5644155303865748e+00, +1.5644838676894568e+00, +1.5644838676896289e+00, +1.5644838676896313e+00, +1.5644838676896318e+00]
norm_theta = 0.000000
 m: 30, p: 20, q: 8
norm_orig = 0.000000
norm_result = 0.000000
theta=[ +0.0000000000000000e+00, +0.0000000000000000e+00, +0.0000000000000000e+00, +0.0000000000000000e+00, +0.0000000000000000e+00, +0.0000000000000000e+00, +1.5707963267948966e+00, +1.5707963267948966e+00]
theta_d=[ +0.0000000000000000e+00, +0.0000000000000000e+00, +0.0000000000000000e+00, +0.0000000000000000e+00, +0.0000000000000000e+00, +0.0000000000000000e+00, +1.5707963267948966e+00, +1.5707963267948966e+00]
norm_theta = 0.000000
 m: 22, p: 12, q: 20
norm_orig = 0.000000
norm_result = 0.000000
theta=[ +7.7808907133789627e-01, +1.0412982342428487e+00]
theta_d=[ +7.7808907133789607e-01, +1.0412982342428485e+00]
norm_theta = 0.000000
 m: 22, p: 12, q: 20
norm_orig = 0.000000
norm_result = 0.000000
theta=[ +2.9244631137699069e-01, +1.2674632935382679e+00]
theta_d=[ +2.9244631137699056e-01, +1.2674632935382679e+00]
norm_theta = 0.000000
 m: 22, p: 12, q: 20
norm_orig = 0.000000
norm_result = 0.000001
theta=[ +6.4938399576085103e-08, +6.7048857181868287e-08]
theta_d=[ +6.4938399579940338e-08, +6.7048857188935441e-08]
norm_theta = 0.000000
 m: 22, p: 12, q: 20
norm_orig = 0.000000
norm_result = 0.000000
theta=[ +0.0000000000000000e+00, +1.5707963267948966e+00]
theta_d=[ +0.0000000000000000e+00, +1.5707963267948966e+00]
norm_theta = 0.000000
 m: 32, p: 12, q: 8
norm_orig = 0.000000
norm_result = 0.000000
theta=[ +4.8666616884034719e-01, +5.5222200149536331e-01, +7.4688945837615115e-01, +7.8777621696240697e-01, +9.1930328914699113e-01, +1.0835687248821997e+00, +1.1522759352393690e+00, +1.4054599632620339e+00]
theta_d=[ +4.8666616884034719e-01, +5.5222200149536371e-01, +7.4688945837615117e-01, +7.8777621696240696e-01, +9.1930328914699111e-01, +1.0835687248821995e+00, +1.1522759352393692e+00, +1.4054599632620337e+00]
norm_theta = 0.000000
 m: 32, p: 12, q: 8
norm_orig = 0.000000
norm_result = 0.000000
theta=[ +3.5023613062457894e-03, +1.5586865662579010e-01, +3.0147313257380184e-01, +3.2850889982907198e-01, +3.5676808130240517e-01, +7.0496620141232227e-01, +7.5736952447151441e-01, +9.7367303920548269e-01]
theta_d=[ +3.5023613062457686e-03, +1.5586865662579016e-01, +3.0147313257380176e-01, +3.2850889982907217e-01, +3.5676808130240517e-01, +7.0496620141232225e-01, +7.5736952447151484e-01, +9.7367303920548254e-01]
norm_theta = 0.000000
 m: 32, p: 12, q: 8
norm_orig = 0.000000
norm_result = 0.020627
theta=[ +1.5699709076811319e+00, +1.5699709076814648e+00, +1.5699709076900078e+00, +1.5699709076900079e+00, +1.5699709076913514e+00, +1.5699732406306803e+00, +1.5700650924480637e+00, +1.5700650931995014e+00]
theta_d=[ +1.5699709076811317e+00, +1.5699709076814647e+00, +1.5699709076900077e+00, +1.5699709076900079e+00, +1.5699709076913513e+00, +1.5699732406306806e+00, +1.5700650924480637e+00, +1.5700650931995015e+00]
norm_theta = 0.000000
 m: 32, p: 12, q: 8
norm_orig = 0.000000
norm_result = 0.000000
theta=[ +0.0000000000000000e+00, +0.0000000000000000e+00, +0.0000000000000000e+00, +1.5707963267948966e+00, +1.5707963267948966e+00, +1.5707963267948966e+00, +1.5707963267948966e+00, +1.5707963267948966e+00]
theta_d=[ +0.0000000000000000e+00, +0.0000000000000000e+00, +0.0000000000000000e+00, +1.5707963267948966e+00, +1.5707963267948966e+00, +1.5707963267948966e+00, +1.5707963267948966e+00, +1.5707963267948966e+00]
norm_theta = 0.000000
 m: 55, p: 40, q: 20
norm_orig = 0.000000
norm_result = 0.000000
theta=[ +1.3832089262167823e-01, +2.4006298697957551e-01, +2.7233550431678113e-01, +3.6590765880463512e-01, +4.3450975770387734e-01, +4.8283401122402909e-01, +5.4425784087323196e-01, +5.8707288696410908e-01, +6.2220794722051397e-01, +7.5624073123761874e-01, +8.1021756764944428e-01, +8.7641235356781234e-01, +9.6335554647069933e-01, +1.0154238292804491e+00, +1.1022355844623891e+00]
theta_d=[ +1.3832089262167804e-01, +2.4006298697957554e-01, +2.7233550431678077e-01, +3.6590765880463511e-01, +4.3450975770387723e-01, +4.8283401122402930e-01, +5.4425784087323170e-01, +5.8707288696410931e-01, +6.2220794722051376e-01, +7.5624073123761903e-01, +8.1021756764944508e-01, +8.7641235356781255e-01, +9.6335554647069910e-01, +1.0154238292804492e+00, +1.1022355844623901e+00]
norm_theta = 0.000000
 m: 55, p: 40, q: 20
norm_orig = 0.000000
norm_result = 0.000000
theta=[ +1.6458672688311035e-01, +3.1178736108270999e-01, +6.0338660407094919e-01, +6.1675110315040455e-01, +8.4671784706941130e-01, +1.0116461612313408e+00, +1.0162509100050739e+00, +1.1026624564682560e+00, +1.1344057559192198e+00, +1.2049932962130420e+00, +1.2578256545206536e+00, +1.2934579138871439e+00, +1.3397516311206351e+00, +1.5239157750596289e+00, +1.5486080194589150e+00]
theta_d=[ +1.6458672688311018e-01, +3.1178736108271021e-01, +6.0338660407094857e-01, +6.1675110315040393e-01, +8.4671784706941267e-01, +1.0116461612313410e+00, +1.0162509100050738e+00, +1.1026624564682561e+00, +1.1344057559192195e+00, +1.2049932962130423e+00, +1.2578256545206541e+00, +1.2934579138871443e+00, +1.3397516311206352e+00, +1.5239157750596288e+00, +1.5486080194589147e+00]
norm_theta = 0.000000
 m: 55, p: 40, q: 20
norm_orig = 0.000000
norm_result = 60.175305
theta=[ +3.2403633717218855e-03, +5.6627111475854827e-01, +5.6627111475854832e-01, +5.6627111475854832e-01, +5.6633211440309825e-01, +5.6633211440905105e-01, +5.7477567668471204e-01, +5.7477567668471366e-01, +5.7477567676717604e-01, +5.7477567676717656e-01, +6.0603181598129651e-01, +1.5707922870720443e+00, +1.5707963261771653e+00, +1.5707963261771655e+00, +1.5707963267948961e+00]
theta_d=[ +3.2403633717218764e-03, +5.6627111475854808e-01, +5.6627111475854830e-01, +5.6627111475854852e-01, +5.6633211440309861e-01, +5.6633211440905096e-01, +5.7477567668471308e-01, +5.7477567668471330e-01, +5.7477567676717622e-01, +5.7477567676717667e-01, +6.0603181598129696e-01, +1.5707922870720443e+00, +1.5707963261771654e+00, +1.5707963261771654e+00, +1.5707963267948966e+00]
norm_theta = 0.000000
 m: 55, p: 40, q: 20
norm_orig = 0.000000
norm_result = 0.000000
theta=[ +0.0000000000000000e+00, +0.0000000000000000e+00, +0.0000000000000000e+00, +0.0000000000000000e+00, +0.0000000000000000e+00, +0.0000000000000000e+00, +0.0000000000000000e+00, +0.0000000000000000e+00, +0.0000000000000000e+00, +0.0000000000000000e+00, +0.0000000000000000e+00, +0.0000000000000000e+00, +0.0000000000000000e+00, +1.5707963267948966e+00, +1.5707963267948966e+00]
theta_d=[ +0.0000000000000000e+00, +0.0000000000000000e+00, +0.0000000000000000e+00, +0.0000000000000000e+00, +0.0000000000000000e+00, +0.0000000000000000e+00, +0.0000000000000000e+00, +0.0000000000000000e+00, +0.0000000000000000e+00, +0.0000000000000000e+00, +0.0000000000000000e+00, +0.0000000000000000e+00, +0.0000000000000000e+00, +1.5707963267948966e+00, +1.5707963267948966e+00]
norm_theta = 0.000000
 CSD:     12 out of    720 tests failed to pass the threshold


 End of tests
 Total time used =         9.00 seconds

