
 Tests of the Nonsymmetric Eigenvalue Problem Driver
    Cgees (Schur form)
 Tests of the Multiple precision version of LAPACK MPLAPACK VERSION 2.0.0
 Based on original LAPACK VERSION 3.9.1

The following parameter values will be used:
    M:         0     1     2     3     5    10    20
    N:         0     1     2     3     5    10    20
    NB:        3
    NBMIN:     3
    NX:        1
    INMIN:       11
    INWIN:      4
    INIBL:      8
    ISHFTS:      2
    IACC22:      0
 
 Relative machine underflow is taken to be+9.5302596195518043e-323228497
 Relative machine overflow  is taken to be+2.0985787164673877e+323228496
 Relative machine precision is taken to be+7.4583407312002067e-155

 Routines pass computational tests if test ratio is less than+2.0000000000000000e+01

 Cgees passed the tests of the error exits (  6 tests done)

 All tests for CES passed the threshold (  3822 tests run)

 -----------------------------------------------------------------------

 Tests of the Nonsymmetric Eigenvalue Problem Driver
    Cgeev (eigenvalues and eigevectors)
 Tests of the Multiple precision version of LAPACK MPLAPACK VERSION 2.0.0
 Based on original LAPACK VERSION 3.9.1

The following parameter values will be used:
    M:         0     1     2     3     5    10
    N:         0     1     2     3     5    10
    NB:        3
    NBMIN:     3
    NX:        1
    INMIN:       11
    INWIN:      4
    INIBL:      8
    ISHFTS:      2
    IACC22:      0
 
 Relative machine underflow is taken to be+9.5302596195518043e-323228497
 Relative machine overflow  is taken to be+2.0985787164673877e+323228496
 Relative machine precision is taken to be+7.4583407312002067e-155

 Routines pass computational tests if test ratio is less than+2.0000000000000000e+01

 Cgeev passed the tests of the error exits (  7 tests done)

 All tests for CEV passed the threshold (   924 tests run)

 -----------------------------------------------------------------------

 Tests of the Nonsymmetric Eigenvalue Problem Expert Driver
    Cgeesx (Schur form and condition numbers)
 Tests of the Multiple precision version of LAPACK MPLAPACK VERSION 2.0.0
 Based on original LAPACK VERSION 3.9.1

The following parameter values will be used:
    M:         0     1     2     3     5    10
    N:         0     1     2     3     5    10
    NB:        3
    NBMIN:     3
    NX:        1
    INMIN:       11
    INWIN:      4
    INIBL:      8
    ISHFTS:      2
    IACC22:      0
 
 Relative machine underflow is taken to be+9.5302596195518043e-323228497
 Relative machine overflow  is taken to be+2.0985787164673877e+323228496
 Relative machine precision is taken to be+7.4583407312002067e-155

 Routines pass computational tests if test ratio is less than+2.0000000000000000e+01

 Cgeesx passed the tests of the error exits (  7 tests done)

 All tests for CSX passed the threshold (  3406 tests run)

 -----------------------------------------------------------------------

 Tests of the Nonsymmetric Eigenvalue Problem Expert Driver
    Cgeevx (eigenvalues, eigenvectors and condition numbers)
 Tests of the Multiple precision version of LAPACK MPLAPACK VERSION 2.0.0
 Based on original LAPACK VERSION 3.9.1

The following parameter values will be used:
    M:         0     1     2     3     5    10
    N:         0     1     2     3     5    10
    NB:        3
    NBMIN:     3
    NX:        1
    INMIN:       11
    INWIN:      4
    INIBL:      8
    ISHFTS:      2
    IACC22:      0
 
 Relative machine underflow is taken to be+9.5302596195518043e-323228497
 Relative machine overflow  is taken to be+2.0985787164673877e+323228496
 Relative machine precision is taken to be+7.4583407312002067e-155

 Routines pass computational tests if test ratio is less than+2.0000000000000000e+01

 Cgeevx passed the tests of the error exits ( 10 tests done)

 All tests for CVX passed the threshold (  5172 tests run)

 -----------------------------------------------------------------------


 End of tests
 Total time used =       157.00 seconds

