 .. test output of Cggbak .. 
 value of largest test error                  =+0.0000000000000000e+00
 example number where Cggbal info is not 0    =   0
 example number where Cggbak(L) info is not 0 =   0
 example number where Cggbak(R) info is not 0 =   0
 example number having largest error          =   0
 number of examples where info is not 0       =   0
 total number of examples tested              =  10


 End of tests
 Total time used =         1.00 seconds

