
 Tests of the Generalized Nonsymmetric Eigenvalue Problem routines
 Tests of the Multiple precision version of LAPACK MPLAPACK VERSION 1.0.1
 Based on original LAPACK VERSION 3.9.1

The following parameter values will be used:
    M:         0     1     2     3     5     9    15    16    20    40

    N:         0     1     2     3     5     9    15    16    20    40

    NB:        1     1     2     2
    NBMIN:    40    40     2     2
    NS:        2     4     2     4
    MAXB:     40    40     2     2
    IACC22:      1     2     1     2
    NBCOL:    40    40     2     2
 
 Relative machine underflow is taken to be+3.3621031431120935e-4932
 Relative machine overflow  is taken to be+1.1897314953572318e+4932
 Relative machine precision is taken to be+1.9259299443872359e-34

 Routines pass computational tests if test ratio is less than+2.0000000000000000e+01

 DGG routines passed the tests of the error exits ( 36 tests done)


 DGG:  NB =   1, NBMIN =  40, NS =   2, MAXB =  40, IACC22 =   1, NBCOL =  40

 All tests for DGG passed the threshold (  3120 tests run)


 DGG:  NB =   1, NBMIN =  40, NS =   4, MAXB =  40, IACC22 =   2, NBCOL =  40

 All tests for DGG passed the threshold (  3120 tests run)


 DGG:  NB =   2, NBMIN =   2, NS =   2, MAXB =   2, IACC22 =   1, NBCOL =   2

 All tests for DGG passed the threshold (  3120 tests run)


 DGG:  NB =   2, NBMIN =   2, NS =   4, MAXB =   2, IACC22 =   2, NBCOL =   2

 All tests for DGG passed the threshold (  3120 tests run)


 End of tests
 Total time used =        20.00 seconds

